teste=# CREATE DATABASE bd_sistema_bancario;
CREATE DATABASE
teste=# \c bd_sistema_bancario;
You are now connected to database "bd_sistema_bancario" as user "postgres".
bd_sistema_bancario=# CREATE TABLE CLIENTE(NOME_CLIENTE TEXT,CIDADE_CLIENTE TEXT,ENDERECO_CLIENTE);
ERROR:  syntax error at or near ")"
LINE 1: ...NTE(NOME_CLIENTE TEXT,CIDADE_CLIENTE TEXT,ENDERECO_CLIENTE);
                                                                     ^
bd_sistema_bancario=# CREATE TABLE CLIENTE(NOME_CLIENTE TEXT,CIDADE_CLIENTE TEXT,ENDERECO_CLIENTE);
ERROR:  syntax error at or near ")"
LINE 1: ...NTE(NOME_CLIENTE TEXT,CIDADE_CLIENTE TEXT,ENDERECO_CLIENTE);
                                                                     ^
bd_sistema_bancario=# CREATE TABLE CLIENTE(NOMECLIENTE TEXT,CIDADECLIENTE TEXT,ENDERECOCLIENTE);
ERROR:  syntax error at or near ")"
LINE 1: ...LIENTE(NOMECLIENTE TEXT,CIDADECLIENTE TEXT,ENDERECOCLIENTE);
                                                                     ^
bd_sistema_bancario=# CREATE TABLE CLIENTE(NOME_CLIENTE TEXT,CIDADE_CLIENTE TEXT,ENDERECO_CLIENTE TEXT);
CREATE TABLE
bd_sistema_bancario=# CREATE TABLE CONTA(NUMERO_CONTA TEXT,NOME_AGENCIA TEXT,SALDO TEXT);
CREATE TABLE
bd_sistema_bancario=# CREATE TABLE EMPRESTIMO(NUMERO_EMPRESTIMO TEXT,NOME_AGENCIA TEXT,VALOR TEXT);
CREATE TABLE
bd_sistema_bancario=# CREATE TABLE AGENCIA(NOME_AGENCIA TEXT,CIDADE_AGENCIA TEXT,DEPOSITOS TEXT);
CREATE TABLE
bd_sistema_bancario=#

//tabelas aleatorias;

bd_sistema_bancario=# CREATE TABLE JOGO(PARTIDA TEXT);
CREATE TABLE
bd_sistema_bancario=# CREATE TABLE JOGADOR(JOGADOR TEXT);
CREATE TABLE
bd_sistema_bancario=# CREATE TABLE GOLEIRO(GOLEIRO TEXT);
CREATE TABLE
bd_sistema_bancario=# CREATE TABLE APOSTA(APOSTA TEXT);
CREATE TABLE
bd_sistema_bancario=# CREATE TABLE FIFA(FIFA TEXT);
CREATE TABLE

//drop table;

bd_sistema_bancario=# DROP TABLE JOGO;
DROP TABLE
bd_sistema_bancario=# DROP TABLE JOGADOR;
DROP TABLE
bd_sistema_bancario=# DROP TABLE GOLEIRO;
DROP TABLE
bd_sistema_bancario=# DROP TABLE APOSTA;
DROP TABLE
bd_sistema_bancario=# DROP TABLE FIFA;
DROP TABLE